[Licensing::Module] Trying to connect to existing licensing client channel...
Built from '6000.3/staging' branch; Version is '6000.3.11f1 (3000ef702840) revision 3145967'; Using compiler version '194234433'; Build Type 'Release'
[Licensing::IpcConnector] Successfully connected to: "LicenseClient-mail" at "2026-03-17T22:12:04.3400178Z"
OS: 'Windows 11  (10.0.26200) Core' Language: 'cs' Physical Memory: 65349 MB
BatchMode: 1, IsHumanControllingUs: 0, StartBugReporterOnCrash: 0, Is64bit: 1
System  architecture: x64
Process architecture: x64
Date: 2026-03-17T22:12:04Z

COMMAND LINE ARGUMENTS:
C:\Program Files\Unity\Hub\Editor\6000.3.11f1\Editor\Unity.exe
-runTests
-projectPath
d:/_HERD/ROBOTI-A-MUTANTI/RobotsAndMutants
-testResults
d:/_HERD/ROBOTI-A-MUTANTI/RobotsAndMutants/test-results.xml
-testPlatform
PlayMode
-batchmode
-nographics
-logFile
d:/_HERD/ROBOTI-A-MUTANTI/RobotsAndMutants/test-log.txt
Successfully changed project path to: d:/_HERD/ROBOTI-A-MUTANTI/RobotsAndMutants
D:/_HERD/ROBOTI-A-MUTANTI/RobotsAndMutants
Exiting without the bug reporter. Application will terminate with return code 1